Godot Engine v4.6.1.stable.official.14d19694e - https://godotengine.org

=== [E2E Test] 寮€濮嬫父鎴忔祦绋嬫祴璇?===
鐩爣: 鍑昏触 2 涓?BOSS (闇€瑕佸畬鎴?2 涓畬鏁村惊鐜?

>>> [BoardData] 妫嬬洏鍜屽鑸嶅凡娓呯┖
>>> [GameManager] 娓告垙鐘舵€佺鐞嗗櫒宸插姞杞?
>>> [BoardData] 妫嬬洏鍜屽鑸嶅凡娓呯┖
>>> [BoardData] 妫嬬洏鍜屽鑸嶅凡娓呯┖
>>> [SaveSystem] 瀛樻。宸插姞杞?
[E2E Test] 娉ㄦ剰: BOSS 妫€娴嬪熀浜庢父鎴忔棩蹇楄緭鍑?
>>> [Step 1] 鍔犺浇涓昏彍鍗?..
ERROR: Node not found: "SettingsPanel" (relative to "/root/MainMenu").
   at: get_node (scene/main/node.cpp:1963)
   GDScript backtrace (most recent call first):
       [0] @implicit_ready (res://scripts/main_menu.gd:4)
ERROR: Node not found: "SettingsPanel/SettingsVBox" (relative to "/root/MainMenu").
   at: get_node (scene/main/node.cpp:1963)
   GDScript backtrace (most recent call first):
       [0] @implicit_ready (res://scripts/main_menu.gd:5)
ERROR: Node not found: "SettingsPanel/SettingsVBox/LanguageRow/LanguageButton" (relative to "/root/MainMenu").
   at: get_node (scene/main/node.cpp:1963)
   GDScript backtrace (most recent call first):
       [0] @implicit_ready (res://scripts/main_menu.gd:6)
ERROR: Node not found: "SettingsPanel/SettingsVBox/VolumeRow/VolumeSlider" (relative to "/root/MainMenu").
   at: get_node (scene/main/node.cpp:1963)
   GDScript backtrace (most recent call first):
       [0] @implicit_ready (res://scripts/main_menu.gd:7)
ERROR: Node not found: "SettingsPanel/SettingsVBox/ResetTutorialButton" (relative to "/root/MainMenu").
   at: get_node (scene/main/node.cpp:1963)
   GDScript backtrace (most recent call first):
       [0] @implicit_ready (res://scripts/main_menu.gd:8)
ERROR: Node not found: "SettingsPanel/SettingsVBox/CloseButton" (relative to "/root/MainMenu").
   at: get_node (scene/main/node.cpp:1963)
   GDScript backtrace (most recent call first):
       [0] @implicit_ready (res://scripts/main_menu.gd:9)
ERROR: Node not found: "SettingsPanel/ResetConfirmLabel" (relative to "/root/MainMenu").
   at: get_node (scene/main/node.cpp:1963)
   GDScript backtrace (most recent call first):
       [0] @implicit_ready (res://scripts/main_menu.gd:10)
>>> [MainMenu] _ready 寮€濮?
>>> [MainMenu] start_button=StartButton:<Button#35701917176> is_null=false
>>> [MainMenu] _ready 瀹屾垚
>>> [Step 1] 涓昏彍鍗曞凡鍔犺浇, 鏍硅妭鐐? MainMenu
>>> [Step 2] 鐐瑰嚮 StartButton...
>>> [MainMenu] 寮€濮嬫父鎴忔寜閽鐐瑰嚮
>>> [GameBoard] _ready 寮€濮?
>>> [GameBoard] 6x6 妫嬬洏鏍煎凡鐢熸垚
>>> [GameBoard] 澶囨垬闃舵鐣岄潰宸插姞杞?

>>> [Iteration 1] 妫€鏌ュ綋鍓嶅満鏅?..
>>> 褰撳墠鍦烘櫙鏍硅妭鐐? GameBoard
>>> 妫€娴嬪埌 GameBoard (澶囨垬闃舵)
>>> [Prepare Phase] 鍑嗗闃舵 - 绛夊緟鎸夐挳鍙偣鍑?..
>>> [GameBoard] 鐢熸垚 鎴樺＋ Lv.1 浜?(2, 0)
>>> [Prepare] 鐢熸垚鎴樺＋ #1
>>> [Prepare] 鐢熸垚鎴樺＋ #2
>>> [Prepare] 鐢熸垚娉曞笀 #1
>>> [Prepare] 鐢熸垚娉曞笀 #2
>>> [Prepare] 鐢熸垚鐗у笀 #1
>>> [Prepare] 鐢熸垚鐗у笀 #2
>>> [ERROR] EndTurnButton 鏈壘鍒?
GameBoard (type: Control)
  BgColor (type: ColorRect)
  BG (type: Sprite2D)
  BoardSprite (type: Sprite2D)
  MainLayout (type: VBoxContainer)
    TopBar (type: HBoxContainer)
      LeftMargin (type: Control)
      GoldContainer (type: HBoxContainer)
        GoldIcon (type: TextureRect)
        GoldLabel (type: Label)
      EnergyContainer (type: HBoxContainer)
        EnergyIcon (type: TextureRect)
        EnergyLabel (type: Label)
      RoundContainer (type: HBoxContainer)
        RoundIcon (type: TextureRect)
        RoundLabel (type: Label)
      Spacer (type: Control)
      SettingsButton (type: Button)
      RightMargin (type: Control)
    RelicBar (type: VBoxContainer)
      RelicPanel (type: PanelContainer)
        ScrollContainer (type: ScrollContainer)
          RelicList (type: HFlowContainer)
            @PanelContainer@158 (type: PanelContainer)
              @VBoxContainer@155 (type: VBoxContainer)
                @Label@156 (type: Label)
                @Label@157 (type: Label)
            @PanelContainer@162 (type: PanelContainer)
              @VBoxContainer@159 (type: VBoxContainer)
                @Label@160 (type: Label)
                @Label@161 (type: Label)
            @PanelContainer@166 (type: PanelContainer)
              @VBoxContainer@163 (type: VBoxContainer)
                @Label@164 (type: Label)
                @Label@165 (type: Label)
    MiddleBar (type: HBoxContainer)
      ItemBar (type: HBoxContainer)
        ItemSlot0 (type: TextureRect)
          @ColorRect@149 (type: ColorRect)
          @Label@150 (type: Label)
        ItemSlot1 (type: TextureRect)
          @ColorRect@151 (type: ColorRect)
          @Label@152 (type: Label)
        ItemSlot2 (type: TextureRect)
          @ColorRect@153 (type: ColorRect)
          @Label@154 (type: Label)
      DormButton (type: Button)
      ShopButton (type: Button)
      EncyclopediaButton (type: Button)
    BoardCenter (type: CenterContainer)
      GridContainer (type: GridContainer)
        @PanelContainer@7 (type: PanelContainer)
          @ColorRect@4 (type: ColorRect)
          @TextureRect@5 (type: TextureRect)
          @Label@6 (type: Label)
        @PanelContainer@11 (type: PanelContainer)
          @ColorRect@8 (type: ColorRect)
          @TextureRect@9 (type: TextureRect)
          @Label@10 (type: Label)
        @PanelContainer@15 (type: PanelContainer)
          @ColorRect@12 (type: ColorRect)
          @TextureRect@13 (type: TextureRect)
          @Label@14 (type: Label)
        @PanelContainer@19 (type: PanelContainer)
          @ColorRect@16 (type: ColorRect)
          @TextureRect@17 (type: TextureRect)
          @Label@18 (type: Label)
        @PanelContainer@23 (type: PanelContainer)
          @ColorRect@20 (type: ColorRect)
          @TextureRect@21 (type: TextureRect)
          @Label@22 (type: Label)
        @PanelContainer@27 (type: PanelContainer)
          @ColorRect@24 (type: ColorRect)
          @TextureRect@25 (type: TextureRect)
          @Label@26 (type: Label)
        @PanelContainer@31 (type: PanelContainer)
          @ColorRect@28 (type: ColorRect)
          @TextureRect@29 (type: TextureRect)
          @Label@30 (type: Label)
        @PanelContainer@35 (type: PanelContainer)
          @ColorRect@32 (type: ColorRect)
          @TextureRect@33 (type: TextureRect)
          @Label@34 (type: Label)
        @PanelContainer@39 (type: PanelContainer)
          @ColorRect@36 (type: ColorRect)
          @TextureRect@37 (type: TextureRect)
          @Label@38 (type: Label)
        @PanelContainer@43 (type: PanelContainer)
          @ColorRect@40 (type: ColorRect)
          @TextureRect@41 (type: TextureRect)
          @Label@42 (type: Label)
        @PanelContainer@47 (type: PanelContainer)
          @ColorRect@44 (type: ColorRect)
          @TextureRect@45 (type: TextureRect)
          @Label@46 (type: Label)
        @PanelContainer@51 (type: PanelContainer)
          @ColorRect@48 (type: ColorRect)
          @TextureRect@49 (type: TextureRect)
          @Label@50 (type: Label)
        @PanelContainer@55 (type: PanelContainer)
          @ColorRect@52 (type: ColorRect)
          @TextureRect@53 (type: TextureRect)
          @Label@54 (type: Label)
        @PanelContainer@59 (type: PanelContainer)
          @ColorRect@56 (type: ColorRect)
          @TextureRect@57 (type: TextureRect)
          @Label@58 (type: Label)
        @PanelContainer@63 (type: PanelContainer)
          @ColorRect@60 (type: ColorRect)
          @TextureRect@61 (type: TextureRect)
          @Label@62 (type: Label)
        @PanelContainer@67 (type: PanelContainer)
          @ColorRect@64 (type: ColorRect)
          @TextureRect@65 (type: TextureRect)
          @Label@66 (type: Label)
        @PanelContainer@71 (type: PanelContainer)
          @ColorRect@68 (type: ColorRect)
          @TextureRect@69 (type: TextureRect)
          @Label@70 (type: Label)
        @PanelContainer@75 (type: PanelContainer)
          @ColorRect@72 (type: ColorRect)
          @TextureRect@73 (type: TextureRect)
          @Label@74 (type: Label)
        @PanelContainer@79 (type: PanelContainer)
          @ColorRect@76 (type: ColorRect)
          @TextureRect@77 (type: TextureRect)
          @Label@78 (type: Label)
        @PanelContainer@83 (type: PanelContainer)
          @ColorRect@80 (type: ColorRect)
          @TextureRect@81 (type: TextureRect)
          @Label@82 (type: Label)
        @PanelContainer@87 (type: PanelContainer)
          @ColorRect@84 (type: ColorRect)
          @TextureRect@85 (type: TextureRect)
          @Label@86 (type: Label)
        @PanelContainer@91 (type: PanelContainer)
          @ColorRect@88 (type: ColorRect)
          @TextureRect@89 (type: TextureRect)
          @Label@90 (type: Label)
        @PanelContainer@95 (type: PanelContainer)
          @ColorRect@92 (type: ColorRect)
          @TextureRect@93 (type: TextureRect)
          @Label@94 (type: Label)
        @PanelContainer@99 (type: PanelContainer)
          @ColorRect@96 (type: ColorRect)
          @TextureRect@97 (type: TextureRect)
          @Label@98 (type: Label)
        @PanelContainer@103 (type: PanelContainer)
          @ColorRect@100 (type: ColorRect)
          @TextureRect@101 (type: TextureRect)
          @Label@102 (type: Label)
        @PanelContainer@107 (type: PanelContainer)
          @ColorRect@104 (type: ColorRect)
          @TextureRect@105 (type: TextureRect)
          @Label@106 (type: Label)
        @PanelContainer@111 (type: PanelContainer)
          @ColorRect@108 (type: ColorRect)
          @TextureRect@109 (type: TextureRect)
          @Label@110 (type: Label)
        @PanelContainer@115 (type: PanelContainer)
          @ColorRect@112 (type: ColorRect)
          @TextureRect@113 (type: TextureRect)
          @Label@114 (type: Label)
        @PanelContainer@119 (type: PanelContainer)
          @ColorRect@116 (type: ColorRect)
          @TextureRect@117 (type: TextureRect)
          @Label@118 (type: Label)
        @PanelContainer@123 (type: PanelContainer)
          @ColorRect@120 (type: ColorRect)
          @TextureRect@121 (type: TextureRect)
          @Label@122 (type: Label)
        @PanelContainer@127 (type: PanelContainer)
          @ColorRect@124 (type: ColorRect)
          @TextureRect@125 (type: TextureRect)
          @Label@126 (type: Label)
        @PanelContainer@131 (type: PanelContainer)
          @ColorRect@128 (type: ColorRect)
          @TextureRect@129 (type: TextureRect)
          @Label@130 (type: Label)
        @PanelContainer@135 (type: PanelContainer)
          @ColorRect@132 (type: ColorRect)
          @TextureRect@133 (type: TextureRect)
          @Label@134 (type: Label)
        @PanelContainer@139 (type: PanelContainer)
          @ColorRect@136 (type: ColorRect)
          @TextureRect@137 (type: TextureRect)
          @Label@138 (type: Label)
        @PanelContainer@143 (type: PanelContainer)
          @ColorRect@140 (type: ColorRect)
          @TextureRect@141 (type: TextureRect)
          @Label@142 (type: Label)
        @PanelContainer@147 (type: PanelContainer)
          @ColorRect@144 (type: ColorRect)
          @TextureRect@145 (type: TextureRect)
          @Label@146 (type: Label)
    BottomBar (type: VBoxContainer)
      SpawnRow (type: HBoxContainer)
        SpawnWarrior (type: Button)
        SpawnMage (type: Button)
        SpawnPriest (type: Button)
    DetailActionBar (type: HBoxContainer)
      DetailPanel (type: PanelContainer)
        DetailLabel (type: Label)
      Spacer (type: Control)
      SacrificeButton (type: Button)
      EndTurnButton (type: Button)
  SettingsPanel (type: PanelContainer)
    SettingsVBox (type: VBoxContainer)
      SettingsTitle (type: Label)
      LanguageRow (type: HBoxContainer)
        LanguageLabel (type: Label)
        LanguageButton (type: Button)
      VolumeRow (type: HBoxContainer)
        VolumeLabel (type: Label)
        VolumeSlider (type: HSlider)
      ResetTutorialButton (type: Button)
      CloseButton (type: Button)
    ResetConfirmLabel (type: Label)
  @PanelContainer@148 (type: PanelContainer)

=== [E2E Test] 娴嬭瘯澶辫触 ===
>>> 鎬昏凯浠ｆ鏁? 1
>>> 瀹屾垚寰幆鏁? 0
